# ðŸš€ Git Commands Cheat Sheet with Examples

---

## ðŸ”§ Setup & Configuration

```bash
# Set global username
$ git config --global user.name "John Doe"

# Set global email
$ git config --global user.email "john@example.com"

# List all Git config settings
$ git config --list
```

---

## ðŸ“ Repository Management

```bash
# Initialize a new Git repository
$ git init

# Clone a repository
$ git clone https://github.com/user/repo.git
```

---

## ðŸ“¦ Staging & Committing Changes

```bash
# Check the status of files
$ git status

# Add a specific file to staging
$ git add index.html

# Add all files to staging
$ git add .

# Commit changes with a message
$ git commit -m "Initial commit"

# Add & commit tracked files in one command
$ git commit -am "Update content"
```

---

## ðŸŒ± Branching & Merging

```bash
# List branches
$ git branch

# Create a new branch
$ git branch feature-xyz

# Switch to a branch
$ git checkout feature-xyz

# Create and switch in one step
$ git checkout -b new-feature

# Merge a branch into the current one
$ git merge feature-xyz

# Delete a branch
$ git branch -d feature-xyz
```

---

## ðŸ”„ Remote Repositories

```bash
# View remotes
$ git remote -v

# Add a remote
$ git remote add origin https://github.com/user/repo.git

# Fetch changes from remote
$ git fetch

# Pull changes from remote
$ git pull

# Push changes to remote
$ git push

# Push and set upstream tracking
$ git push -u origin main
```

---

## ðŸ•°ï¸ View History & Differences

```bash
# Show commit history
$ git log

# Compact one-line log
$ git log --oneline

# Show details of a specific commit
$ git show abc1234

# Show unstaged changes
$ git diff

# Show staged changes
$ git diff --staged
```

---

## âª Undo / Revert / Reset

```bash
# Revert a commit (creates a new commit that undoes changes)
$ git revert abc1234

# Reset to a previous commit, keep changes staged
$ git reset --soft abc1234

# Reset and unstage changes
$ git reset --mixed abc1234

# Hard reset: discard all changes
$ git reset --hard abc1234

# Restore a file to last committed version
$ git restore file.txt

# Unstage a file without discarding changes
$ git restore --staged file.txt
```

---

## ðŸ§ª Stashing (Temporary Save)

```bash
# Stash changes
$ git stash

# View stashes
$ git stash list

# Apply last stash
$ git stash apply

# Drop last stash
$ git stash drop
```

---

## ðŸ” Inspect & Search

```bash
# Search for text in files
$ git grep "function"

# Show who changed each line in a file
$ git blame main.py
```

---

## ðŸ”– Tags

```bash
# List tags
$ git tag

# Create a tag
$ git tag v1.0

# Push a tag
$ git push origin v1.0

# Push all tags
$ git push origin --tags
```

---

âœ… **Tip:** Always double-check before using `git reset --hard`, as it will remove changes permanently!



+++++++++++++++++++++++++++++++++++++++++++++++++++++++++++++++++++++++++++++++++++++++++++++++++++++++++++++++++++++++++++++++++++++++++++++++++
Class - 5
---------
=========
========================================================================================================================================================
ðŸŽ“ Lecture: Git, GitHub
à§§. Git à¦•à§€ à¦à¦¬à¦‚ à¦•à¦–à¦¨ à¦¬à§à¦¯à¦¬à¦¹à¦¾à¦° à¦•à¦°à¦¬?

â“ Git à¦•à§€?
Git à¦¹à¦² à¦à¦•à¦Ÿà¦¿ à¦§à¦°à¦¨à§‡à¦° version control system â€” à¦¯à§‡à¦Ÿà¦¾ à¦®à§‚à¦²à¦¤ à¦†à¦ªà¦¨à¦¿ à¦¯à¦¦à¦¿ à¦à¦•à¦Ÿà¦¿ à¦ªà§à¦°à¦œà§‡à¦•à§à¦Ÿà§‡ à¦•à§‹à¦¡ à¦•à¦°à§‡à¦¨, à¦¤à¦¾à¦¹à¦²à§‡ Git à¦¸à§‡à¦‡ à¦ªà§à¦°à¦œà§‡à¦•à§à¦Ÿà§‡à¦° à¦ªà§à¦°à¦¤à¦¿à¦Ÿà¦¿ à¦ªà¦°à¦¿à¦¬à¦°à§à¦¤à¦¨à§‡à¦° à¦‡à¦¤à¦¿à¦¹à¦¾à¦¸ à¦°à¦¾à¦–à¦¬à§‡à¥¤
à¦‰à¦¦à¦¾à¦¹à¦°à¦£: à¦­à¦¾à¦¬à§à¦¨, à¦†à¦ªà¦¨à¦¿ à¦à¦•à¦Ÿà¦¿ à¦—à¦²à§à¦ªà§‡à¦° à¦¬à¦‡ à¦²à¦¿à¦–à¦›à§‡à¦¨à¥¤ à¦ªà§à¦°à¦¤à¦¿à¦¦à¦¿à¦¨ à¦•à¦¿à¦›à§ à¦¨à¦¾ à¦•à¦¿à¦›à§ à¦²à¦¿à¦–à¦›à§‡à¦¨à¥¤ à¦†à¦ªà¦¨à¦¿ à¦šà¦¾à¦‡à¦²à§‡ à¦ªà§à¦°à§‹à¦¨à§‹ à¦²à§‡à¦–à¦¾ à¦–à§à¦à¦œà§‡ à¦¬à§‡à¦° à¦•à¦°à§‡ à¦¦à§‡à¦–à¦¤à§‡ à¦ªà¦¾à¦°à¦¬à§‡à¦¨à¥¤ à¦¤à¦¾à¦¹à¦²à§‡ à¦ªà§à¦°à¦¤à¦¿à¦¦à¦¿à¦¨ à¦à¦•à¦Ÿà¦¿ à¦•à¦ªà¦¿ à¦•à¦°à§‡ à¦°à¦¾à¦–à¦²à§‡à¦¨à¥¤ Git à¦à¦‡ à¦•à¦¾à¦œà¦Ÿà¦¿à¦‡ à¦¸à§à¦¬à¦¯à¦¼à¦‚à¦•à§à¦°à¦¿à¦¯à¦¼à¦­à¦¾à¦¬à§‡ à¦•à¦°à§‡à¥¤

âœ… à¦•à§‡à¦¨ Git à¦¬à§à¦¯à¦¬à¦¹à¦¾à¦° à¦•à¦°à¦¬à§‡à¦¨?
à¦ªà¦°à¦¿à¦¬à¦°à§à¦¤à¦¨à§‡à¦° à¦‡à¦¤à¦¿à¦¹à¦¾à¦¸ à¦ªà¦¾à¦“à§Ÿà¦¾ à¦¯à¦¾à§Ÿ
à¦¦à¦²à¦—à¦¤à¦­à¦¾à¦¬à§‡ à¦•à¦¾à¦œ à¦•à¦°à¦¾ à¦¸à¦¹à¦œ à¦¹à§Ÿ
à¦ªà§à¦°à§‹à¦¨à§‹ à¦­à¦¾à¦°à§à¦¸à¦¨à§‡ à¦«à¦¿à¦°à§‡ à¦¯à¦¾à¦“à§Ÿà¦¾ à¦¯à¦¾à§Ÿ
à¦¨à¦¤à§à¦¨ à¦«à¦¿à¦šà¦¾à¦° à¦†à¦²à¦¾à¦¦à¦¾à¦­à¦¾à¦¬à§‡ à¦ªà¦°à§€à¦•à§à¦·à¦¾ à¦•à¦°à¦¾ à¦¯à¦¾à§Ÿ (branch)
Git = à¦†à¦ªà¦¨à¦¾à¦° à¦ªà§à¦°à¦œà§‡à¦•à§à¦Ÿà§‡à¦° à¦Ÿà¦¾à¦‡à¦® à¦Ÿà§à¦°à¦¾à¦­à§‡à¦²à¦¿à¦‚ à¦¸à¦¿à¦¸à§à¦Ÿà§‡à¦®!

à§¨. à¦­à¦¾à¦°à§à¦¸à¦¨ à¦•à¦¨à§à¦Ÿà§à¦°à§‹à¦² à¦•à§€?
à¦¸à¦¹à¦œ à¦­à¦¾à¦·à¦¾à§Ÿ: Version control system à¦¹à¦² à¦à¦®à¦¨ à¦à¦•à¦Ÿà¦¿ à¦¸à¦«à¦Ÿà¦“à¦¯à¦¼à§à¦¯à¦¾à¦° à¦¯à¦¾ à¦ªà§à¦°à¦¤à¦¿à¦Ÿà¦¿ à¦«à¦¾à¦‡à¦² à¦•à¦–à¦¨, à¦•à§‡, à¦•à§€ à¦ªà¦°à¦¿à¦¬à¦°à§à¦¤à¦¨ à¦•à¦°à§‡à¦›à§‡ â€” à¦à¦‡ à¦‡à¦¤à¦¿à¦¹à¦¾à¦¸ à¦°à¦¾à¦–à§‡à¥¤
à¦‰à¦¦à¦¾à¦¹à¦°à¦£: à¦­à¦¾à¦¬à§à¦¨ à¦†à¦ªà¦¨à¦¿ à¦†à¦ªà¦¨à¦¾à¦° à¦˜à¦° à¦¸à¦¾à¦œà¦¾à¦²à§‡à¦¨à¥¤ à¦ªà§à¦°à¦¤à¦¿à¦¦à¦¿à¦¨ à¦à¦•à¦Ÿà§ à¦•à¦°à§‡ à¦•à¦¿à¦›à§ à¦¯à§‹à¦— à¦•à¦°à¦²à§‡à¦¨à¥¤ à¦¹à¦ à¦¾à§Ž à¦à¦•à¦¦à¦¿à¦¨ à¦®à¦¨à§‡ à¦¹à¦² à¦†à¦—à§‡à¦° à¦…à¦¬à¦¸à§à¦¥à¦¾à¦‡ à¦­à¦¾à¦²à§‹ à¦›à¦¿à¦²à¥¤ à¦¯à¦¦à¦¿ à¦†à¦ªà¦¨à¦¿ à¦ªà§à¦°à¦¤à¦¿à¦¦à¦¿à¦¨ à¦›à¦¬à¦¿ à¦¤à§à¦²à¦¤à§‡à¦¨, à¦¤à¦¾à¦¹à¦²à§‡ à¦†à¦—à§‡à¦° à¦…à¦¬à¦¸à§à¦¥à¦¾à§Ÿ à¦«à¦¿à¦°à§‡ à¦¯à¦¾à¦“à§Ÿà¦¾ à¦¸à¦¹à¦œ à¦¹à¦¤à§‹à¥¤ Git à¦ à¦¿à¦• à¦à¦‡à¦°à¦•à¦® à¦Ÿà¦¾à¦‡à¦® à¦Ÿà§à¦°à¦¾à¦­à§‡à¦²à¦¿à¦‚à§Ÿà§‡à¦° à¦œà¦¨à§à¦¯à¥¤

à§©. à¦¸à¦¾à¦§à¦¾à¦°à¦£ Git à¦•à¦®à¦¾à¦¨à§à¦¡à¦¸à¦®à§‚à¦¹
à¦•à¦®à¦¾à¦¨à§à¦¡			à¦•à¦¾à¦œ
git init		à¦ªà§à¦°à¦œà§‡à¦•à§à¦Ÿà§‡ git à¦šà¦¾à¦²à§ à¦•à¦°à¦¾
git add file.py		à¦¨à¦¿à¦°à§à¦¦à¦¿à¦·à§à¦Ÿ à¦«à¦¾à¦‡à¦² à¦¸à§à¦Ÿà§‡à¦œà§‡ à¦†à¦¨à¦¾
git commit -m "msg"	à¦ªà¦°à¦¿à¦¬à¦°à§à¦¤à¦¨ à¦¸à¦‚à¦°à¦•à§à¦·à¦£ à¦•à¦°à¦¾
git status		à¦•à§€ à¦•à§€ à¦ªà¦°à¦¿à¦¬à¦°à§à¦¤à¦¨ à¦¹à§Ÿà§‡à¦›à§‡ à¦¦à§‡à¦–à¦¾
git log			à¦ªà§à¦°à§‹à¦¨à§‹ commit à¦à¦° à¦‡à¦¤à¦¿à¦¹à¦¾à¦¸ à¦¦à§‡à¦–à¦¾

à¦‰à¦¦à¦¾à¦¹à¦°à¦£: à¦§à¦°à§à¦¨ à¦†à¦ªà¦¨à¦¿ à¦à¦•à¦Ÿà¦¿ à¦¡à¦•à§à¦®à§‡à¦¨à§à¦Ÿ à¦²à¦¿à¦–à¦›à§‡à¦¨à¥¤ à¦ªà§à¦°à¦¤à¦¿à¦¦à¦¿à¦¨ à¦•à¦¿à¦›à§ à¦²à¦¿à¦–à§‡ à¦¸à§‡à¦­ à¦•à¦°à¦›à§‡à¦¨à¥¤ git commit à¦¸à§‡à¦‡ à¦¸à§‡à¦­ à¦•à¦°à¦¾à¦° à¦®à¦¤à§‹à¥¤

à§ª. GitHub à¦•à§€ à¦à¦¬à¦‚ à¦•à§€à¦­à¦¾à¦¬à§‡ à¦•à¦¾à¦œ à¦•à¦°à§‡?
â“ GitHub à¦•à§€?
GitHub à¦¹à¦² Git à¦ªà§à¦°à¦œà§‡à¦•à§à¦Ÿà§‡à¦° à¦•à§à¦²à¦¾à¦‰à¦¡ à¦¹à§‹à¦¸à§à¦Ÿà¦¿à¦‚ à¦“à¦¯à¦¼à§‡à¦¬à¦¸à¦¾à¦‡à¦Ÿà¥¤ à¦à¦–à¦¾à¦¨à§‡ Git-à¦ à¦•à¦°à¦¾ à¦•à§‹à¦¡à¦—à§à¦²à§‹ à¦‡à¦¨à§à¦Ÿà¦¾à¦°à¦¨à§‡à¦Ÿà§‡à¦° à¦®à¦¾à¦§à§à¦¯à¦®à§‡ à¦¸à¦‚à¦°à¦•à§à¦·à¦£ à¦•à¦°à§‡ à¦°à¦¾à¦–à¦¾ à¦¹à§Ÿà¥¤
à¦‰à¦¦à¦¾à¦¹à¦°à¦£: à¦†à¦ªà¦¨à¦¾à¦° à¦®à§‡à¦®à§‹à¦°à¦¿ (Git) à¦†à¦° Google Photos (GitHub)à¥¤ à¦¤à¦–à¦¨ à¦…à¦¨à§à¦¯ à¦®à§‡à¦®à§à¦¬à¦¾à¦°à¦°à¦¾à¦“ à¦à¦•à¦¸à¦¾à¦¥à§‡ à¦•à¦¾à¦œ à¦•à¦°à¦¤à§‡ à¦ªà¦¾à¦°à§‡à¥¤

à§«. GitHub-à¦ à¦°à¦¿à¦ªà§‹à¦œà¦¿à¦Ÿà¦°à¦¿ à¦¤à§ˆà¦°à¦¿ à¦“ à¦¬à§à¦¯à¦¬à¦¸à§à¦¥à¦¾à¦ªà¦¨à¦¾
à¦§à¦¾à¦ªà¦¸à¦®à§‚à¦¹:
https://github.com à¦ à¦¯à¦¾à¦¨
â€œNew Repositoryâ€ à¦•à§à¦²à¦¿à¦• à¦•à¦°à§à¦¨
à¦¨à¦¾à¦® à¦¦à¦¿à¦¨, README à¦¸à¦¿à¦²à§‡à¦•à§à¦Ÿ à¦•à¦°à§‡ à¦¤à§ˆà¦°à¦¿ à¦•à¦°à§à¦¨
Git à¦•à¦®à¦¾à¦¨à§à¦¡ à¦¦à¦¿à§Ÿà§‡ à¦¯à§à¦•à§à¦¤ à¦•à¦°à§à¦¨:
git remote add origin https://github.com/username/repo.git
git push -u origin main
à¦°à¦¿à¦ªà§‹à¦œà¦¿à¦Ÿà¦°à¦¿ = à¦ªà§à¦°à¦œà§‡à¦•à§à¦Ÿà§‡à¦° à¦ªà¦¾à¦¬à¦²à¦¿à¦• à¦¹à§‹à¦®

à§¬. à¦•à§‹à¦¡ à¦•à§à¦²à§‹à¦¨ à¦“ à¦ªà§à¦¶ à¦•à¦°à¦¾
à¦•à§à¦²à§‹à¦¨ à¦•à¦°à¦¾:
git clone https://github.com/username/repo.git
à¦ªà§à¦¶ à¦•à¦°à¦¾:
git add .
git commit -m "my update"
git push origin main

à§­. Branch à¦“ Merge à¦à¦° à¦¸à¦¹à¦œ à¦§à¦¾à¦°à¦£à¦¾
Branching:
à¦®à§‚à¦² à¦°à¦¾à¦¸à§à¦¤à¦¾à§Ÿ à¦•à¦¾à¦œ à¦¨à¦¾ à¦•à¦°à§‡ â€” à¦à¦•à¦Ÿà¦¿ à¦¨à¦¤à§à¦¨ à¦°à¦¾à¦¸à§à¦¤à¦¾à§Ÿ (branch) à¦à¦•à§à¦¸à¦ªà§‡à¦°à¦¿à¦®à§‡à¦¨à§à¦Ÿ à¦•à¦°à¦¤à§‡ à¦ªà¦¾à¦°à§‡à¦¨à¥¤
git branch feature-1
git checkout feature-1

Merging:
git checkout main
git merge feature-1

à¦‰à¦¦à¦¾à¦¹à¦°à¦£:à¦§à¦°à§à¦¨ à¦†à¦ªà¦¨à¦¿ à¦à¦•à¦Ÿà¦¿ à¦¨à¦¤à§à¦¨ à¦«à¦¿à¦šà¦¾à¦° à¦Ÿà§à¦°à¦¾à¦‡ à¦•à¦°à¦²à§‡à¦¨ (branch), à¦­à¦¾à¦²à§‹ à¦²à¦¾à¦—à¦²à§‡ à¦¸à§‡à¦Ÿà¦¿à¦•à§‡ à¦®à§‚à¦² à¦•à§‹à¦¡à§‡ à¦¯à§à¦•à§à¦¤ à¦•à¦°à¦¬à§‡à¦¨ (merge)à¥¤

à§®. à¦à¦•à¦Ÿà¦¿ à¦†à¦¦à¦°à§à¦¶ à¦ªà§à¦°à¦œà§‡à¦•à§à¦Ÿ à¦«à§‹à¦²à§à¦¡à¦¾à¦° à¦¸à§à¦Ÿà§à¦°à¦¾à¦•à¦šà¦¾à¦°
myproject/
â”‚
â”œâ”€â”€ src/               # à¦®à§‚à¦² à¦¸à§‹à¦°à§à¦¸ à¦•à§‹à¦¡
â”œâ”€â”€ tests/             # à¦Ÿà§‡à¦¸à§à¦Ÿ à¦«à¦¾à¦‡à¦²
â”œâ”€â”€ docs/              # à¦¡à¦•à§à¦®à§‡à¦¨à§à¦Ÿà§‡à¦¶à¦¨
â”œâ”€â”€ data/              # à¦¡à§‡à¦Ÿà¦¾ à¦«à¦¾à¦‡à¦²
â”œâ”€â”€ scripts/           # à¦¸à¦¹à¦¾à§Ÿà¦• à¦¸à§à¦•à§à¦°à¦¿à¦ªà§à¦Ÿ
â”œâ”€â”€ README.md          # à¦ªà§à¦°à¦œà§‡à¦•à§à¦Ÿà§‡à¦° à¦¸à¦‚à¦•à§à¦·à¦¿à¦ªà§à¦¤ à¦¬à¦¿à¦¬à¦°à¦£
â”œâ”€â”€ .gitignore         # à¦•à§‹à¦¨ à¦«à¦¾à¦‡à¦² Git à¦ à¦°à¦¾à¦–à¦¾ à¦¹à¦¬à§‡ à¦¨à¦¾
â”œâ”€â”€ requirements.txt   # à¦•à§‹à¦¨ à¦•à§‹à¦¨ à¦²à¦¾à¦‡à¦¬à§à¦°à§‡à¦°à¦¿ à¦¦à¦°à¦•à¦¾à¦°

à§¯. à¦•à§‹à¦¡à¦¬à§‡à¦¸ à¦¸à¦‚à¦—à¦ à¦¨à§‡à¦° à¦¸à§‡à¦°à¦¾ à¦ªà§à¦°à§à¦¯à¦¾à¦•à¦Ÿà¦¿à¦¸
âœ… à¦•à¦°à¦£à§€à§Ÿ:
à¦«à§‹à¦²à§à¦¡à¦¾à¦°à¦—à§à¦²à§‹ à¦ªà¦°à¦¿à¦·à§à¦•à¦¾à¦° à¦°à¦¾à¦–à§à¦¨
à¦¸à¦ à¦¿à¦• à¦•à¦®à¦¿à¦Ÿ à¦®à§‡à¦¸à§‡à¦œ à¦¦à¦¿à¦¨
.gitignore à¦¬à§à¦¯à¦¬à¦¹à¦¾à¦° à¦•à¦°à§à¦¨
README.md à¦¦à¦¿à§Ÿà§‡ à¦ªà§à¦°à¦œà§‡à¦•à§à¦Ÿ à¦¬à§à¦à¦¿à§Ÿà§‡ à¦¦à¦¿à¦¨
main à¦¬à§à¦°à¦¾à¦žà§à¦š à¦†à¦²à¦¾à¦¦à¦¾à¦­à¦¾à¦¬à§‡ à¦°à¦¾à¦–à§à¦¨

âŒ à¦¯à¦¾ à¦•à¦°à¦¬à§‡à¦¨ à¦¨à¦¾:
à¦¬à§œ à¦¡à§‡à¦Ÿà¦¾ à¦«à¦¾à¦‡à¦² Git-à¦ à¦°à¦¾à¦–à¦¬à§‡à¦¨ à¦¨à¦¾
à¦­à§à¦² à¦•à¦®à¦¿à¦Ÿ à¦¬à¦¾à¦°à¦¬à¦¾à¦° à¦•à¦°à¦¬à§‡à¦¨ à¦¨à¦¾
à¦¬à¦¾à¦°à¦¬à¦¾à¦° force push à¦•à¦°à¦¬à§‡à¦¨ à¦¨à¦¾

âœ… à¦¸à¦¾à¦°à¦¾à¦‚à¦¶
à¦¬à¦¿à¦·à§Ÿ			à¦¸à¦¾à¦°à¦¾à¦‚à¦¶
Git			à¦¸à§‹à¦°à§à¦¸ à¦•à§‹à¦¡ à¦ªà¦°à¦¿à¦¬à¦°à§à¦¤à¦¨à§‡à¦° à¦‡à¦¤à¦¿à¦¹à¦¾à¦¸ à¦°à¦¾à¦–à¦¾ à¦¹à§Ÿ
GitHub			Git à¦à¦° à¦•à§à¦²à¦¾à¦‰à¦¡ à¦¸à¦¾à¦ªà§‹à¦°à§à¦Ÿ
Git à¦•à¦®à¦¾à¦¨à§à¦¡			init, add, commit, push, branch, merge
Version Control		à¦•à§‹à¦¡à§‡à¦° à¦‡à¦¤à¦¿à¦¹à¦¾à¦¸ à¦Ÿà§à¦°à§à¦¯à¦¾à¦• à¦à¦¬à¦‚ à¦°à§‹à¦²à¦¬à§à¦¯à¦¾à¦• à¦•à¦°à¦¾ à¦¯à¦¾à§Ÿ
à¦«à§‹à¦²à§à¦¡à¦¾à¦° à¦¸à§à¦Ÿà§à¦°à¦¾à¦•à¦šà¦¾à¦°		à¦ªà¦°à¦¿à¦·à§à¦•à¦¾à¦° à¦“ à¦¸à¦‚à¦—à¦ à¦¿à¦¤ à¦°à¦¾à¦–à¦¾à¦° à¦¨à¦¿à§Ÿà¦®
Best Practices		à¦•à§à¦²à¦¿à¦¨ à¦•à§‹à¦¡, à¦¡à¦•à§à¦®à§‡à¦¨à§à¦Ÿà§‡à¦¶à¦¨, à¦•à¦®à¦¿à¦Ÿ à¦¡à¦¿à¦¸à¦¿à¦ªà§à¦²à¦¿à¦¨

===================================================================================================================================================
+++++++++++++++++++++++++++++++++++++++++++++++++++++++++++++++++++++++++++++++++++++++++++++++++++++++++++++++++++++++++++++++++++++++++++++++++++
===================================================================================================================================================

Topic - 1
=========
What is Git and why use it
Understanding version control
==========================
Lecture: Git, GitHub

ðŸŒ¿ Git à¦•à§€ à¦à¦¬à¦‚ à¦•à§‡à¦¨ à¦¬à§à¦¯à¦¬à¦¹à¦¾à¦° à¦•à¦°à¦¬?
ðŸ” Git à¦•à§€?

Git à¦¹à¦²à§‹ à¦à¦•à¦Ÿà¦¿ Version Control System (VCS) â€” à¦…à¦°à§à¦¥à¦¾à§Ž, à¦†à¦ªà¦¨à¦¿ à¦¯à¦–à¦¨ à¦•à§‹à¦¨à§‹ à¦ªà§à¦°à¦œà§‡à¦•à§à¦Ÿà§‡ à¦•à¦¾à¦œ à¦•à¦°à§‡à¦¨, à¦¤à¦–à¦¨ Git à¦¸à§‡à¦‡ à¦ªà§à¦°à¦œà§‡à¦•à§à¦Ÿà§‡à¦° à¦ªà§à¦°à¦¤à¦¿à¦Ÿà¦¿ à¦ªà¦°à¦¿à¦¬à¦°à§à¦¤à¦¨à§‡à¦° à¦¸à§à¦¬à§Ÿà¦‚à¦•à§à¦°à¦¿à§Ÿà¦­à¦¾à¦¬à§‡ à¦¹à¦¿à¦¸à¦¾à¦¬ à¦°à¦¾à¦–à§‡à¥¤
ðŸ“˜ à¦‰à¦¦à¦¾à¦¹à¦°à¦£:
à¦§à¦°à§à¦¨, à¦†à¦ªà¦¨à¦¿ à¦à¦•à¦Ÿà¦¿ à¦—à¦²à§à¦ªà§‡à¦° à¦¬à¦‡ à¦²à¦¿à¦–à¦›à§‡à¦¨à¥¤ à¦ªà§à¦°à¦¤à¦¿à¦¦à¦¿à¦¨ à¦•à¦¿à¦›à§ à¦¨à¦¾ à¦•à¦¿à¦›à§ à¦¨à¦¤à§à¦¨ à¦¯à§‹à¦— à¦•à¦°à¦›à§‡à¦¨à¥¤ à¦†à¦ªà¦¨à¦¿ à¦¨à¦¿à¦¶à§à¦šà§Ÿà¦‡ à¦šà¦¾à¦‡à¦¬à§‡à¦¨ à¦†à¦—à§‡à¦° à¦²à§‡à¦–à¦¾ à¦¹à¦¾à¦°à¦¿à§Ÿà§‡ à¦¨à¦¾ à¦¯à¦¾à¦•, à¦¤à¦¾à¦‡ à¦ªà§à¦°à¦¤à¦¿à¦¦à¦¿à¦¨ à¦à¦•à¦Ÿà¦¿ à¦•à¦°à§‡ à¦•à¦ªà¦¿ à¦¸à¦‚à¦°à¦•à§à¦·à¦£ à¦•à¦°à§‡à¦¨à¥¤
Git à¦à¦‡ à¦•à¦¾à¦œà¦Ÿà¦¿ à¦†à¦ªà¦¨à¦¾à¦° à¦¹à§Ÿà§‡ à¦•à¦°à§‡ â€” à¦†à¦—à§‡à¦° à¦¸à¦¬ à¦²à§‡à¦–à¦¾ à¦¸à¦‚à¦°à¦•à§à¦·à¦£ à¦•à¦°à§‡ à¦°à¦¾à¦–à§‡, à¦¯à¦¾à¦¤à§‡ à¦†à¦ªà¦¨à¦¿ à¦¯à§‡à¦•à§‹à¦¨à§‹ à¦¸à¦®à§Ÿ à¦ªà§‡à¦›à¦¨à§‡ à¦«à¦¿à¦°à§‡ à¦¯à§‡à¦¤à§‡ à¦ªà¦¾à¦°à§‡à¦¨à¥¤

â“ à¦•à§‡à¦¨ Git à¦¬à§à¦¯à¦¬à¦¹à¦¾à¦° à¦•à¦°à¦¬à§‡à¦¨?
âœ… à¦ªà¦°à¦¿à¦¬à¦°à§à¦¤à¦¨à§‡à¦° à¦‡à¦¤à¦¿à¦¹à¦¾à¦¸ à¦°à¦¾à¦–à¦¾ à¦¯à¦¾à§Ÿ
à¦ªà§à¦°à¦œà§‡à¦•à§à¦Ÿà§‡à¦° à¦•à§‹à¦¨ à¦«à¦¾à¦‡à¦²à§‡ à¦•à¦–à¦¨ à¦•à§€ à¦ªà¦°à¦¿à¦¬à¦°à§à¦¤à¦¨ à¦¹à§Ÿà§‡à¦›à§‡, à¦¤à¦¾ à¦¸à¦¬ à¦¸à¦®à§Ÿ à¦Ÿà§à¦°à§à¦¯à¦¾à¦• à¦•à¦°à¦¾ à¦¯à¦¾à§Ÿà¥¤
âœ… à¦¦à¦²à¦—à¦¤à¦­à¦¾à¦¬à§‡ à¦•à¦¾à¦œ à¦•à¦°à¦¾ à¦¸à¦¹à¦œ
à¦à¦•à¦¾à¦§à¦¿à¦• à¦®à¦¾à¦¨à§à¦· à¦à¦•à¦¸à¦™à§à¦—à§‡ à¦à¦•à¦‡ à¦ªà§à¦°à¦œà§‡à¦•à§à¦Ÿà§‡ à¦•à¦¾à¦œ à¦•à¦°à¦¤à§‡ à¦ªà¦¾à¦°à§‡, à¦¤à¦¬à§à¦“ à¦•à§‡à¦‰ à¦•à¦¾à¦°à§‹ à¦•à¦¾à¦œà§‡à¦° à¦¸à¦™à§à¦—à§‡ à¦¸à¦‚à¦˜à¦°à§à¦·à§‡ à¦¨à¦¾ à¦ªà§œà§‡à¥¤
âœ… à¦ªà§à¦°à¦¨à§‹ à¦­à¦¾à¦°à§à¦¸à¦¨à§‡ à¦«à¦¿à¦°à§‡ à¦¯à¦¾à¦“à§Ÿà¦¾ à¦¯à¦¾à§Ÿ
à¦•à§‹à¦¨à§‹ à¦¸à¦®à¦¸à§à¦¯à¦¾ à¦¹à¦²à§‡ à¦†à¦—à§‡à¦° à¦•à§‹à¦¨à§‹ à¦¸à§à¦¥à¦¿à¦¤à¦¿à¦¶à§€à¦² à¦…à¦¬à¦¸à§à¦¥à¦¾à§Ÿ à¦«à¦¿à¦°à§‡ à¦¯à¦¾à¦“à§Ÿà¦¾ à¦¯à¦¾à§Ÿ à¦–à§à¦¬ à¦¸à¦¹à¦œà§‡à¦‡à¥¤
âœ… à¦¨à¦¤à§à¦¨ à¦«à¦¿à¦šà¦¾à¦° à¦†à¦²à¦¾à¦¦à¦¾à¦­à¦¾à¦¬à§‡ à¦ªà¦°à§€à¦•à§à¦·à¦¾ à¦•à¦°à¦¾ à¦¯à¦¾à§Ÿ
Branch à¦¬à§à¦¯à¦¬à¦¹à¦¾à¦° à¦•à¦°à§‡ à¦®à§‚à¦² à¦ªà§à¦°à¦œà§‡à¦•à§à¦Ÿà§‡ à¦¨à¦¾ à¦›à§à¦à§Ÿà§‡ à¦¨à¦¤à§à¦¨ à¦«à¦¿à¦šà¦¾à¦° à¦¡à§‡à¦­à§‡à¦²à¦ª à¦“ à¦ªà¦°à§€à¦•à§à¦·à¦¾ à¦•à¦°à¦¾ à¦¯à¦¾à§Ÿà¥¤

ðŸ’¡ Git à¦†à¦ªà¦¨à¦¾à¦° à¦ªà§à¦°à¦œà§‡à¦•à§à¦Ÿà§‡à¦° à¦à¦•à¦Ÿà¦¿ à¦Ÿà¦¾à¦‡à¦® à¦Ÿà§à¦°à¦¾à¦­à§‡à¦² à¦®à§‡à¦¶à¦¿à¦¨à§‡à¦° à¦®à¦¤à§‹ â€” à¦¯à§‡à¦Ÿà¦¾ à¦¦à¦¿à§Ÿà§‡ à¦†à¦ªà¦¨à¦¿ à¦…à¦¤à§€à¦¤à§‡ à¦«à¦¿à¦°à§‡ à¦¯à§‡à¦¤à§‡ à¦ªà¦¾à¦°à§‡à¦¨, à¦ªà¦°à¦¿à¦¬à¦°à§à¦¤à¦¨à§‡à¦° à¦¹à¦¿à¦¸à¦¾à¦¬ à¦°à¦¾à¦–à¦¤à§‡ à¦ªà¦¾à¦°à§‡à¦¨, à¦†à¦° à¦¦à¦²à¦¬à¦¦à§à¦§à¦­à¦¾à¦¬à§‡ à¦¨à¦¿à¦–à§à¦à¦¤à¦­à¦¾à¦¬à§‡ à¦•à¦¾à¦œ à¦•à¦°à¦¤à§‡ à¦ªà¦¾à¦°à§‡à¦¨à¥¤
------------------------------------------------------------------------------------------------------------------------------------------------------
++++++++++++++++++++++++++++++++++++++++++++++++++++++++++++++++++++++++++++++++++++++++++++++++++++++++++++++++++++++++++++++++++++++++++++++++++++++
------------------------------------------------------------------------------------------------------------------------------------------------------
à§¨. à¦­à¦¾à¦°à§à¦¸à¦¨ à¦•à¦¨à§à¦Ÿà§à¦°à§‹à¦² à¦•à§€?
à¦¸à¦¹à¦œ à¦­à¦¾à¦·à¦¾à§Ÿ:
Version control system à¦¹à¦²à§‹, à¦¯à¦–à¦¨ à¦à¦•à¦Ÿà¦¿ à¦¸à¦«à¦Ÿà¦“à§Ÿà§à¦¯à¦¾à¦°à§‡à¦° à¦¬à¦¾ à¦ªà§à¦°à¦¤à¦¿à¦Ÿà¦¿ à¦«à¦¾à¦‡à¦²à§‡à¦° à¦•à§‡, à¦•à¦–à¦¨, à¦•à§€ à¦ªà¦°à¦¿à¦¬à¦°à§à¦¤à¦¨ à¦•à¦°à§‡à¦›à§‡ â€” à¦à¦‡ à¦¹à¦¿à¦¸à¦¾à¦¬ à¦°à¦¾à¦–à§‡à¥¤

à¦‰à¦¦à¦¾à¦¹à¦°à¦£:
à¦§à¦°à§à¦¨ à¦†à¦ªà¦¨à¦¿ à¦†à¦ªà¦¨à¦¾à¦° à¦¥à¦¿à¦¸à§à¦¯à¦¾à¦¸ à¦¸à¦¾à¦œà¦¾à¦šà§à¦›à§‡à¦¨à¥¤ à¦†à¦ªà¦¨à¦¿ à¦ªà§à¦°à¦¤à¦¿à¦¦à¦¿à¦¨ à¦¨à¦¤à§à¦¨ à¦•à¦¿à¦›à§ à¦¯à§‹à¦— à¦•à¦°à¦›à§‡à¦¨à¥¤ à¦¹à¦ à¦¾à§Ž à¦à¦•à¦¦à¦¿à¦¨ à¦®à¦¨à§‡ à¦¹à¦²à§‹ à¦¸à¦¾à¦®à¦¨à§‡à¦° à¦¸à¦¾à¦œà¦¾à¦¨à§‹à¦Ÿà¦¾ à¦­à¦¾à¦²à§‹ à¦›à¦¿à¦²à¥¤ à¦¯à¦¦à¦¿ à¦¬à§à¦à¦¿ à¦–à§à¦¬ à¦ªà§à¦°à§Ÿà§‹à¦œà¦¨ à¦ªà§à¦°à¦¤à¦¿à¦¦à¦¿à¦¨, à¦¤à¦¾à¦¹à¦²à§‡ à¦†à¦—à§‡à¦° à¦…à¦¬à¦¸à§à¦¥à¦¾à§Ÿ à¦«à¦¿à¦°à§‡ à¦¯à¦¾à¦“à§Ÿà¦¾ à¦¯à§‡à¦¤à¥¤ Git à¦ à¦¿à¦• à¦à¦‡ à¦°à¦•à¦® à¦à§à¦à¦•à¦¿à¦—à§à¦²à§‹ à¦ªà§à¦°à¦¤à¦¿à¦¦à¦¿à¦¨ à¦•à¦­à¦¾à¦°à§‡à¦¡à¥¤

"à¦­à¦¾à¦°à§à¦¸à¦¨ à¦•à¦¨à§à¦Ÿà§à¦°à§‹à¦²" à¦¸à¦®à§à¦ªà¦°à§à¦•à§‡ à¦¸à¦¹à¦œ à¦­à¦¾à¦·à¦¾à§Ÿ à¦¬à¦¿à¦¸à§à¦¤à¦¾à¦°à¦¿à¦¤ à¦¬à§à¦¯à¦¾à¦–à§à¦¯à¦¾ à¦¦à§‡à¦“à§Ÿà¦¾ à¦¹à¦²à§‹, à¦¯à§‡à¦¨ à¦¯à§‡à¦•à§‹à¦¨à§‹ à¦¨à¦¤à§à¦¨ à¦¬à§à¦¯à¦¬à¦¹à¦¾à¦°à¦•à¦¾à¦°à§€à¦“ à¦¸à¦¹à¦œà§‡ à¦¬à§à¦à¦¤à§‡ à¦ªà¦¾à¦°à§‡:
ðŸ“Œ à¦­à¦¾à¦°à§à¦¸à¦¨ à¦•à¦¨à§à¦Ÿà§à¦°à§‹à¦² à¦•à§€?
à¦¸à¦¹à¦œ à¦­à¦¾à¦·à¦¾à§Ÿ:

Version Control System (VCS) à¦à¦®à¦¨ à¦à¦•à¦Ÿà¦¿ à¦ªà¦¦à§à¦§à¦¤à¦¿ à¦¬à¦¾ à¦¸à¦«à¦Ÿà¦“à§Ÿà§à¦¯à¦¾à¦°, à¦¯à¦¾ à¦†à¦ªà¦¨à¦¾à¦° à¦«à¦¾à¦‡à¦² à¦¬à¦¾ à¦ªà§à¦°à¦œà§‡à¦•à§à¦Ÿà§‡ à¦•à§‡, à¦•à¦–à¦¨, à¦•à§€ à¦ªà¦°à¦¿à¦¬à¦°à§à¦¤à¦¨ à¦à¦¨à§‡à¦›à§‡ â€” à¦¸à§‡à¦‡ à¦‡à¦¤à¦¿à¦¹à¦¾à¦¸ à¦¸à¦‚à¦°à¦•à§à¦·à¦£ à¦•à¦°à§‡ à¦°à¦¾à¦–à§‡à¥¤

à¦à¦Ÿà¦¿ à¦®à§‚à¦²à¦¤ à¦à¦•à¦Ÿà¦¿ à¦ªà¦°à¦¿à¦¬à¦°à§à¦¤à¦¨à§‡à¦° à¦¡à¦¾à§Ÿà§‡à¦°à¦¿ â€” à¦¯à§‡à¦–à¦¾à¦¨à§‡ à¦ªà§à¦°à¦¤à¦¿à¦Ÿà¦¿ à¦«à¦¾à¦‡à¦²à§‡à¦° à¦ªà§à¦°à¦¤à¦¿à¦Ÿà¦¿ à¦ªà¦°à¦¿à¦¬à¦°à§à¦¤à¦¨à§‡à¦° à¦¸à¦®à§Ÿ, à¦¤à¦¾à¦°à¦¿à¦–, à¦à¦¬à¦‚ à¦¸à§‡à¦‡ à¦ªà¦°à¦¿à¦¬à¦°à§à¦¤à¦¨ à¦•à§‡ à¦•à¦°à§‡à¦›à§‡, à¦¸à¦¬à¦•à¦¿à¦›à§ à¦²à§‡à¦–à¦¾ à¦¥à¦¾à¦•à§‡à¥¤
ðŸŽ“ à¦‰à¦¦à¦¾à¦¹à¦°à¦£ à¦¦à¦¿à§Ÿà§‡ à¦¬à§‹à¦à¦¾ à¦¯à¦¾à¦•:

à¦§à¦°à§à¦¨, à¦†à¦ªà¦¨à¦¿ à¦à¦•à¦Ÿà¦¿ à¦¥à¦¿à¦¸à¦¿à¦¸ à¦¬à¦¾ à¦—à¦¬à§‡à¦·à¦£à¦¾à¦ªà¦¤à§à¦° à¦²à¦¿à¦–à¦›à§‡à¦¨à¥¤ à¦ªà§à¦°à¦¤à¦¿à¦¦à¦¿à¦¨ à¦•à¦¿à¦›à§ à¦¨à¦¾ à¦•à¦¿à¦›à§ à¦ªà¦°à¦¿à¦¬à¦°à§à¦¤à¦¨ à¦•à¦°à¦›à§‡à¦¨ â€” à¦•à§‹à¦¥à¦¾à¦“ à¦²à§‡à¦–à¦¾à¦° à¦¸à§à¦Ÿà¦¾à¦‡à¦² à¦ªà¦¾à¦²à§à¦Ÿà¦¾à¦šà§à¦›à§‡à¦¨, à¦•à§‹à¦¥à¦¾à¦“ à¦¨à¦¤à§à¦¨ à¦ªà§à¦¯à¦¾à¦°à¦¾à¦—à§à¦°à¦¾à¦« à¦¯à§‹à¦— à¦•à¦°à¦›à§‡à¦¨à¥¤

à¦à¦•à¦¦à¦¿à¦¨ à¦†à¦ªà¦¨à¦¾à¦° à¦®à¦¨à§‡ à¦¹à¦²à§‹, à¦†à¦—à§‡à¦° à¦¦à¦¿à¦¨à§‡à¦° à¦²à§‡à¦–à¦¾ à¦¬à¦¾ à¦«à¦°à§à¦®à§à¦¯à¦¾à¦Ÿà¦¿à¦‚à¦Ÿà¦¾ à¦†à¦¸à¦²à§‡ à¦¬à§‡à¦¶à¦¿ à¦­à¦¾à¦²à§‹ à¦›à¦¿à¦²à¥¤ à¦¤à¦–à¦¨ à¦†à¦ªà¦¨à¦¿ à¦¯à¦¦à¦¿ à¦ªà§à¦°à¦¨à§‹ à¦­à¦¾à¦°à§à¦¸à¦¨à¦Ÿà¦¾ à¦«à¦¿à¦°à§‡ à¦ªà§‡à¦¤à§‡à¦¨, à¦¤à¦¾à¦¹à¦²à§‡ à¦¸à§‡à¦Ÿà¦¾à¦•à§‡à¦‡ à¦°à§‡à¦–à§‡ à¦¦à¦¿à¦¤à§‡à¦¨à¥¤

Version Control à¦†à¦ªà¦¨à¦¾à¦•à§‡ à¦à¦‡ à¦•à¦¾à¦œà¦Ÿà¦¾à¦‡ à¦•à¦°à¦¤à§‡ à¦¦à§‡à§Ÿà¥¤ à¦†à¦ªà¦¨à¦¿ à¦šà¦¾à¦‡à¦²à§‡:

    à¦ªà§à¦°à¦¨à§‹ à¦•à§‹à¦¨à§‹ à¦¨à¦¿à¦°à§à¦¦à¦¿à¦·à§à¦Ÿ à¦¦à¦¿à¦¨à§‡à¦° à¦¸à¦‚à¦¸à§à¦•à¦°à¦£à§‡ à¦«à¦¿à¦°à§‡ à¦¯à§‡à¦¤à§‡ à¦ªà¦¾à¦°à§‡à¦¨,

    à¦¦à§‡à¦–à§‡ à¦¨à¦¿à¦¤à§‡ à¦ªà¦¾à¦°à§‡à¦¨, à¦•à§‡ à¦•à§€ à¦ªà¦°à¦¿à¦¬à¦°à§à¦¤à¦¨ à¦•à¦°à§‡à¦›à¦¿à¦² (à¦¯à¦¦à¦¿ à¦Ÿà¦¿à¦®à§‡ à¦•à¦¾à¦œ à¦•à¦°à§‡à¦¨),

    à¦­à§à¦² à¦•à¦°à§‡ à¦•à¦¿à¦›à§ à¦®à§à¦›à§‡ à¦«à§‡à¦²à¦²à§‡à¦“ à¦¸à¦¹à¦œà§‡ à¦†à¦—à§‡à¦° à¦…à¦¬à¦¸à§à¦¥à¦¾à§Ÿ à¦«à¦¿à¦°à¦¿à§Ÿà§‡ à¦†à¦¨à¦¤à§‡ à¦ªà¦¾à¦°à§‡à¦¨à¥¤

ðŸ”§ à¦­à¦¾à¦°à§à¦¸à¦¨ à¦•à¦¨à§à¦Ÿà§à¦°à§‹à¦² à¦¬à§à¦¯à¦¬à¦¹à¦¾à¦°à§‡à¦° à¦¸à§à¦¬à¦¿à¦§à¦¾:
à¦¸à§à¦¬à¦¿à¦§à¦¾	à¦¬à¦¿à¦¸à§à¦¤à¦¾à¦°à¦¿à¦¤
ðŸ“œ à¦‡à¦¤à¦¿à¦¹à¦¾à¦¸ à¦¸à¦‚à¦°à¦•à§à¦·à¦£	à¦†à¦ªà¦¨à¦¿ à¦¸à¦¬ à¦¸à¦®à§Ÿ à¦œà¦¾à¦¨à¦¤à§‡ à¦ªà¦¾à¦°à¦¬à§‡à¦¨, à¦•à§‹à¦¨ à¦«à¦¾à¦‡à¦² à¦•à¦¬à§‡ à¦•à§€à¦­à¦¾à¦¬à§‡ à¦¬à¦¦à¦²à§‡à¦›à§‡à¥¤
ðŸ‘¨â€ðŸ‘©â€ðŸ‘§ à¦¦à¦²à¦—à¦¤ à¦•à¦¾à¦œà§‡à¦° à¦¸à§à¦¬à¦¿à¦§à¦¾	à¦à¦•à¦¾à¦§à¦¿à¦• à¦¡à§‡à¦­à§‡à¦²à¦ªà¦¾à¦° à¦à¦•à¦¸à¦¾à¦¥à§‡ à¦•à¦¾à¦œ à¦•à¦°à¦²à§‡à¦“ à¦•à¦¾à¦°à§‹ à¦•à¦¾à¦œ à¦•à¦¾à¦°à§‹ à¦¸à¦™à§à¦—à§‡ à¦¸à¦‚à¦˜à¦°à§à¦·à§‡ à¦ªà§œà§‡ à¦¨à¦¾à¥¤
âª à¦†à¦—à§‡à¦° à¦…à¦¬à¦¸à§à¦¥à¦¾à§Ÿ à¦«à¦¿à¦°à§‡ à¦¯à¦¾à¦“à§Ÿà¦¾	à¦­à§à¦² à¦¹à§Ÿà§‡ à¦—à§‡à¦²à§‡ à¦†à¦—à§‡à¦° à¦­à¦¾à¦°à§à¦¸à¦¨à§‡ à¦«à¦¿à¦°à¦¤à§‡ à¦ªà¦¾à¦°à§‡à¦¨à¥¤
ðŸ§ª à¦«à¦¿à¦šà¦¾à¦° à¦ªà¦°à§€à¦•à§à¦·à¦¾à¦° à¦¸à§à¦¬à¦¾à¦§à§€à¦¨à¦¤à¦¾	à¦¨à¦¤à§à¦¨ à¦«à¦¿à¦šà¦¾à¦° à¦†à¦²à¦¾à¦¦à¦¾ branch-à¦ à¦¬à¦¾à¦¨à¦¿à§Ÿà§‡ à¦ªà¦°à§€à¦•à§à¦·à¦¾ à¦•à¦°à¦¤à§‡ à¦ªà¦¾à¦°à§‡à¦¨à¥¤ à¦®à§‚à¦² à¦ªà§à¦°à¦œà§‡à¦•à§à¦Ÿ à¦¨à¦¿à¦°à¦¾à¦ªà¦¦ à¦¥à¦¾à¦•à§‡à¥¤
ðŸ› ï¸ à¦­à¦¾à¦°à§à¦¸à¦¨ à¦•à¦¨à§à¦Ÿà§à¦°à§‹à¦² à¦•à§€à¦­à¦¾à¦¬à§‡ à¦•à¦¾à¦œ à¦•à¦°à§‡?

à¦­à¦¾à¦°à§à¦¸à¦¨ à¦•à¦¨à§à¦Ÿà§à¦°à§‹à¦² à¦¸à¦¾à¦§à¦¾à¦°à¦£à¦¤ à¦¦à§à¦‡à¦­à¦¾à¦¬à§‡ à¦•à¦¾à¦œ à¦•à¦°à§‡:

    Local Version Control: à¦¶à§à¦§à§ à¦†à¦ªà¦¨à¦¾à¦° à¦•à¦®à§à¦ªà¦¿à¦‰à¦Ÿà¦¾à¦°à§‡ à¦¥à¦¾à¦•à§‡à¥¤

    Distributed Version Control (à¦¯à§‡à¦®à¦¨ Git): à¦ªà§à¦°à¦¤à¦¿à¦Ÿà¦¿ à¦¬à§à¦¯à¦¬à¦¹à¦¾à¦°à¦•à¦¾à¦°à§€à¦° à¦•à¦¾à¦›à§‡ à¦ªà§à¦°à§‹ à¦ªà§à¦°à¦œà§‡à¦•à§à¦Ÿà§‡à¦° à¦‡à¦¤à¦¿à¦¹à¦¾à¦¸ à¦¥à¦¾à¦•à§‡à¥¤ à¦‡à¦¨à§à¦Ÿà¦¾à¦°à¦¨à§‡à¦Ÿ à¦›à¦¾à§œà¦¾à¦“ à¦•à¦¾à¦œ à¦•à¦°à¦¾ à¦¯à¦¾à§Ÿà¥¤

ðŸ” à¦­à¦¾à¦°à§à¦¸à¦¨ à¦•à¦¨à§à¦Ÿà§à¦°à§‹à¦² à¦®à¦¾à¦¨à§‡à¦‡ à¦¶à§à¦§à§ à¦•à§‹à¦¡à¦¿à¦‚ à¦¨à§Ÿ!

à¦…à¦¨à§‡à¦•à§‡à¦‡ à¦­à¦¾à¦¬à§‡à¦¨ Version Control à¦•à§‡à¦¬à¦² à¦ªà§à¦°à§‹à¦—à§à¦°à¦¾à¦®à¦¿à¦‚ à¦¬à¦¾ à¦¸à¦«à¦Ÿà¦“à§Ÿà§à¦¯à¦¾à¦° à¦¡à§‡à¦­à§‡à¦²à¦ªà¦®à§‡à¦¨à§à¦Ÿà§‡à¦° à¦œà¦¨à§à¦¯à¥¤
à¦†à¦¸à¦²à§‡ à¦¨à¦¾ â€” à¦à¦Ÿà¦¿ à¦¡à¦¿à¦œà¦¾à¦‡à¦¨, à¦²à§‡à¦–à¦¾à¦²à§‡à¦–à¦¿, à¦•à¦¨à¦Ÿà§‡à¦¨à§à¦Ÿ à¦®à§à¦¯à¦¾à¦¨à§‡à¦œà¦®à§‡à¦¨à§à¦Ÿ à¦¸à¦¹ à¦¯à§‡à¦•à§‹à¦¨à§‹ à¦•à§à¦·à§‡à¦¤à§à¦°à§‡à¦‡ à¦•à¦¾à¦°à§à¦¯à¦•à¦°à¥¤ à¦¯à§‡à¦–à¦¾à¦¨à§‡ à¦¨à¦¿à§Ÿà¦®à¦¿à¦¤ à¦ªà¦°à¦¿à¦¬à¦°à§à¦¤à¦¨ à¦¹à§Ÿ, à¦¸à§‡à¦–à¦¾à¦¨à§‡à¦‡ à¦­à¦¾à¦°à§à¦¸à¦¨ à¦•à¦¨à§à¦Ÿà§à¦°à§‹à¦² à¦‰à¦ªà¦•à¦¾à¦°à§€à¥¤
ðŸ“Œ à¦¸à¦‚à¦•à§à¦·à§‡à¦ªà§‡ à¦¬à¦²à¦²à§‡:

à¦­à¦¾à¦°à§à¦¸à¦¨ à¦•à¦¨à§à¦Ÿà§à¦°à§‹à¦² à¦¹à¦²à§‹ à¦†à¦ªà¦¨à¦¾à¦° à¦ªà§à¦°à¦œà§‡à¦•à§à¦Ÿà§‡à¦° à¦œà¦¨à§à¦¯ à¦à¦•à¦Ÿà¦¿ â€œà¦¸à§à¦®à¦¾à¦°à§à¦Ÿ à¦Ÿà¦¾à¦‡à¦® à¦®à§‡à¦¶à¦¿à¦¨â€ â€” à¦¯à¦¾ à¦¶à§à¦§à§ à¦¸à¦®à§Ÿà§‡à¦‡ à¦«à¦¿à¦°à¦¿à§Ÿà§‡ à¦¨à§‡à§Ÿ à¦¨à¦¾, à¦¬à¦°à¦‚ à¦¬à¦²à§‡ à¦¦à§‡à§Ÿ à¦•à§‡ à¦•à¦¬à§‡ à¦•à§‹à¦¨ à¦¦à¦¿à¦•à¦Ÿà¦¾ à¦ªà¦°à¦¿à¦¬à¦°à§à¦¤à¦¨ à¦•à¦°à§‡à¦›à¦¿à¦², à¦à¦¬à¦‚ à¦¸à§‡à¦‡ à¦ªà¦°à¦¿à¦¬à¦°à§à¦¤à¦¨ à¦¦à¦°à¦•à¦¾à¦° à¦›à¦¿à¦² à¦•à¦¿ à¦¨à¦¾à¥¤
---------------------------------------------------------------------------------------------------------------------------------

Topic - 2
=========
Basic Git commands: init, add, commit
=====================================
01:00:00

At the TERMINAL of VS CODE
--------------------------
PS C:\Users\MAHI-IT> git -v
git version 2.49.0.windows.1
PS C:\Users\MAHI-IT> git -version
unknown option: -version
usage: git [-v | --version] [-h | --help] [-C <path>] [-c <name>=<value>]
           [--exec-path[=<path>]] [--html-path] [--man-path] [--info-path]
           [-p | --paginate | -P | --no-pager] [--no-replace-objects] [--no-lazy-fetch]
           [--no-optional-locks] [--no-advice] [--bare] [--git-dir=<path>]
           [--work-tree=<path>] [--namespace=<name>] [--config-env=<name>=<envvar>]    
           <command> [<args>]
PS C:\Users\MAHI-IT> 
--------------------------------------------------------------------------------------------------------------------------------------------------------

At GIT BASH


MAHI-IT@MAHI-IT MINGW64 ~ (master)
$ git -v
git version 2.49.0.windows.1

MAHI-IT@MAHI-IT MINGW64 ~ (master)
$ git -version
unknown option: -version
usage: git [-v | --version] [-h | --help] [-C <path>] [-c <name>=<value>]
           [--exec-path[=<path>]] [--html-path] [--man-path] [--info-path]
           [-p | --paginate | -P | --no-pager] [--no-replace-objects] [--no-lazy
-fetch]
           [--no-optional-locks] [--no-advice] [--bare] [--git-dir=<path>]
           [--work-tree=<path>] [--namespace=<name>] [--config-env=<name>=<envva
r>]
           <command> [<args>]

MAHI-IT@MAHI-IT MINGW64 ~ (master)
$ git --version
git version 2.49.0.windows.1

MAHI-IT@MAHI-IT MINGW64 ~ (master)
$

---------------------------------------------------------------------------------------------------------------------------------------------------
PS C:\Users\MAHI-IT> python --version
Python 3.13.3
PS C:\Users\MAHI-IT> git --version
git version 2.49.0.windows.1
---------------------------------------------------------------------------------------------------------------------------------------------------
01:04:07

PS C:\Users\MAHI-IT> git init
Reinitialized existing Git repository in C:/Users/MAHI-IT/.git/
---------------------------------------------------------------------------------------------------------------------------------------------------
creating a physical folder
sample.py
code-
a = 7
b = 8
print(a+b)
Result =>
PS D:\Ustad\Git> python .\sample.py
15
---------------------------------------------------------------------------------------------------------------------------------------------------
multiplication.py
c = 3
d = 12
print(c * d)
Result->

PS D:\Ustad\Git> python .\multiplication.py
36
---------------------------------------------------------------------------------------------------------------------------------------------------
git init
Helps on - Total project initialization
---------------------------------------------------------------------------------------------------------------------------------------------------
1:12:04
Git - Command - ADD
===================

git add sample.py

-> symbol changed from "U" to "A"
U - Untracked
A - Added
---------------------------------------------------------------------------------------------------------------------------------------------------
Git - Command - Commit
======================
PS D:\Ustad\Git> git commit -m "This python code is simply add two variables"

[master (root-commit) 57c3c96] This python code is simply add two variables
 1 file changed, 5 insertions(+)
 create mode 100644 sample.py   

---------------------------------------------------------------------------------------------------------------------------------------------------

PS D:\Ustad\Git> git add multiplication.py

PS D:\Ustad\Git> git status
On branch master
Changes to be committed:
  (use "git restore --staged <file>..." to unstage)
        new file:   multiplication.py

PS D:\Ustad\Git> git commit -m 'This python file is used to multiply two numbers'
[master beaf204] This python file is used to multiply two numbers
 1 file changed, 6 insertions(+)
 create mode 100644 multiplication.py

PS D:\Ustad\Git> git status
On branch master
nothing to commit, working tree clean

PS D:\Ustad\Git> git log
commit beaf2043b9edfb0d2e92508958cff9a2357f4c57 (HEAD -> master)
Author: mahisalman <mahi.salman@gmail.com>
Date:   Mon May 26 15:06:17 2025 +0600

    This python file is used to multiply two numbers

commit 57c3c969b464897f1b43effd688e3237fefb8de3
Author: mahisalman <mahi.salman@gmail.com>
Date:   Mon May 26 15:02:08 2025 +0600

    This python code is simply add two variables
---------------------------------------------------------------------------------------------------------------------------------------------------
01:21:40

GIT INIT
GIT ADD
GIT COMMIT
GIT STATUS
GIT LOG
---------------------------------------------------------------------------------------------------------------------------------------------------
01:27:00

After midification

a = 7
b = 8
e = 9
print(a+b+e)
& ---------------------------
c = 3
d = 12
f = 5
print(c * d * f)
---------------------------
PS D:\Ustad\Git> python .\sample.py
24
PS D:\Ustad\Git> git status
On branch master
Changes not staged for commit:
  (use "git add <file>..." to update what will be committed)
  (use "git restore <file>..." to discard changes in working directory)
        modified:   sample.py

no changes added to commit (use "git add" and/or "git commit -a")
& ---------------------------
 PS D:\Ustad\Git> python .\multiplication.py
180
PS D:\Ustad\Git> git status
On branch master
Changes not staged for commit:
  (use "git add <file>..." to update what will be committed)
  (use "git restore <file>..." to discard changes in working directory)
        modified:   multiplication.py
        modified:   sample.py

no changes added to commit (use "git add" and/or "git commit -a")

----------------------------------------------------------

PS D:\Ustad\Git> git add sample.py
PS D:\Ustad\Git> git status
On branch master
Changes to be committed:
  (use "git restore --staged <file>..." to unstage)
        modified:   sample.py

Changes not staged for commit:
  (use "git add <file>..." to update what will be committed)
  (use "git restore <file>..." to discard changes in working directory)
        modified:   multiplication.py

PS D:\Ustad\Git> git commit -m 'added anothr interger value to add'
[master 39c96f2] added anothr interger value to add
 1 file changed, 2 insertions(+), 2 deletions(-)
====================================================================================================================================================
++++++++++++++++++++++++++++++++++++++++++++++++++++++++++++++++++++++++++++++++++++++++++++++++++++++++++++++++++++++++++++++++++++++++++++++++++++

Topic 2 = same things in different way
======================================

ðŸ§­ Topic 2: Basic Git Commands â€” init, add, commit

ðŸ•’ Duration: 01:00:00 â€“ 01:40:05
ðŸ”§ Environment: VS Code Terminal & Git Bash
ðŸš€ Checking Git Version
ðŸ–¥ï¸ VS Code Terminal

PS C:\Users\MAHI-IT> git -v
git version 2.49.0.windows.1

PS C:\Users\MAHI-IT> git -version
unknown option: -version
usage: git [-v | --version] ...

âœ… Correct Usage:

PS C:\Users\MAHI-IT> git --version
git version 2.49.0.windows.1

ðŸ–¥ï¸ Git Bash

$ git -v
git version 2.49.0.windows.1

$ git -version
unknown option: -version

$ git --version
git version 2.49.0.windows.1

ðŸ Checking Python Version

PS C:\Users\MAHI-IT> python --version
Python 3.13.3

ðŸ”§ Git Initialization

ðŸ•’ Time: 01:04:07

PS C:\Users\MAHI-IT> git init
Reinitialized existing Git repository in C:/Users/MAHI-IT/.git/

ðŸ“Œ Purpose: Initializes a Git repository in your project folder.
ðŸ“ Sample Files & Python Code
sample.py

a = 7
b = 8
print(a + b)

â–¶ï¸ Run Result:

PS D:\Ustad\Git> python .\sample.py
15

multiplication.py

c = 3
d = 12
print(c * d)

â–¶ï¸ Run Result:

PS D:\Ustad\Git> python .\multiplication.py
36

ðŸ“¥ Git Command: add

ðŸ•’ Time: 01:12:04

git add sample.py

ðŸ”„ Symbol changed:

    U â†’ Untracked

    A â†’ Added

ðŸ“ Git Command: commit

PS D:\Ustad\Git> git commit -m "This python code is simply add two variables"

ðŸ§¾ Output:

[master (root-commit) 57c3c96] This python code is simply add two variables
 1 file changed, 5 insertions(+)
 create mode 100644 sample.py

PS D:\Ustad\Git> git add multiplication.py
PS D:\Ustad\Git> git commit -m "This python file is used to multiply two numbers"

ðŸ§¾ Output:

[master beaf204] This python file is used to multiply two numbers
 1 file changed, 6 insertions(+)
 create mode 100644 multiplication.py

ðŸ“‹ Git Status & Log

git status

âœ”ï¸ Clean working tree:

On branch master
nothing to commit, working tree clean

git log

ðŸ§¾ Output:

commit beaf2043... (HEAD -> master)
Author: mahisalman <mahi.salman@gmail.com>
Date:   Mon May 26 15:06:17 2025 +0600

    This python file is used to multiply two numbers

commit 57c3c969...
Author: mahisalman <mahi.salman@gmail.com>
Date:   Mon May 26 15:02:08 2025 +0600

    This python code is simply add two variables

ðŸ” Code Modified & Tracked Again

ðŸ•’ Time: 01:27:00
sample.py updated:

a = 7
b = 8
e = 9
print(a + b + e)

â–¶ï¸ Output:

PS D:\Ustad\Git> python .\sample.py
24

multiplication.py updated:

c = 3
d = 12
f = 5
print(c * d * f)

â–¶ï¸ Output:

PS D:\Ustad\Git> python .\multiplication.py
180

ðŸ•µï¸ Checking Git Status

git status

ðŸ”º Output:

Changes not staged for commit:
  modified:   sample.py
  modified:   multiplication.py

ðŸ”„ Stage & Commit One File

git add sample.py
git commit -m "added another integer value to add"

ðŸ§¾ Output:

[master 39c96f2] added another integer value to add
 1 file changed, 2 insertions(+), 2 deletions(-)

ðŸ§  Summary of Commands
Command	Purpose
git init	Initialize Git in the project folder
git add	Stage files for commit
git commit	Save the staged changes with message
git status	Check current state of working tree
git log	View commit history

ðŸ”š End of Topic 2
ðŸ•’ Total Duration: ~40 minutes

-------------------------------------------------------------------
01:40:05
git push

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

token

Never used â€¢ Expires on Thu, Jun 26 2025 
-----------------------------------------------------------------------------------------------------------------------------------------------------
PS D:\Ustad\Git> git add multiplication.py

PS D:\Ustad\Git> git commit -m 'Added another method for multiplication again'        
[master 6fb972d] Added another method for multiplication again
 1 file changed, 6 insertions(+), 1 deletion(-)

PS D:\Ustad\Git> git push -u origin master
Enumerating objects: 5, done.
Counting objects: 100% (5/5), done.
Delta compression using up to 8 threads
Compressing objects: 100% (3/3), done.
Writing objects: 100% (3/3), 350 bytes | 350.00 KiB/s, done.
Total 3 (delta 0), reused 0 (delta 0), pack-reused 0 (from 0)
remote: This repository moved. Please use the new location:
remote:   https://github.com/mahisalman/GIT_for_Python_27052025.git
To https://github.com/mahisalman/Git.git
   fe5d809..6fb972d  master -> master
branch 'master' set up to track 'origin/master'.
-----------------------------------------------------------------------------------------------------------------------------------------------------

Topic - 3
=========
What is GitHub and how it works
Creating and managing repositories on GitHub
Cloning and pushing code
Branching and merging basics
Typical project folder structure
Best practices for organizing codebase

1:50:00

git branch
git push -u origin master
git checkout -b master
git status
git commit -m 'Added another branch'
git push -u origin main
git push -u origin master
git push -u origin developer
git branch -m master main
git checkout -b aaa
git branch -d aaa
git checkout main
git branch -d aaa
git push -u origin designer 

---------------------------------------------------------------------------------------------------------------------------------------------------------
PS D:\Ustad\Git> git branch
* master

PS D:\Ustad\Git> git checkout -b devoloper
Switched to a new branch 'devoloper'

PS D:\Ustad\Git> git branch
* devoloper
  master

PS D:\Ustad\Git> git push -u origin master
Everything up-to-date

PS D:\Ustad\Git> git checkout -b master

PS D:\Ustad\Git> git status
nothing to commit, working tree clean

PS D:\Ustad\Git> git commit -m 'Added another branch'
On branch devoloper

PS D:\Ustad\Git> git push -u origin main
error: src refspec main does not match any

PS D:\Ustad\Git> git push -u origin master
branch 'master' set up to track 'origin/master'.

PS D:\Ustad\Git> git push -u origin developer
error: src refspec developer does not match any
error: failed to push some refs to 'https://github.com/mahisalman/Git.git'
error: src refspec main does not match any

PS D:\Ustad\Git> git push -u origin master
branch 'master' set up to track 'origin/master'.

PS D:\Ustad\Git> git branch -m master main

PS D:\Ustad\Git> git push -u origin main
Total 0 (delta 0), reused 0 (delta 0), pack-reused 0 (from 0)
remote: This repository moved. Please use the new location:
remote:   https://github.com/mahisalman/GIT_for_Python_27052025.git
remote:
remote: Create a pull request for 'main' on GitHub by visiting:
remote:      https://github.com/mahisalman/GIT_for_Python_27052025/pull/new/main
remote:
To https://github.com/mahisalman/Git.git
branch 'main' set up to track 'origin/main'.
* devoloper
  main
Switched to a new branch 'designer'

PS D:\Ustad\Git> git branch
* designer
  main
branch 'main' set up to track 'origin/main'.
Everything up-to-date

PS D:\Ustad\Git> git push -u origin main
branch 'main' set up to track 'origin/main'.

PS D:\Ustad\Git> git branch
  devoloper
  main
Reinitialized existing Git repository in D:/Ustad/Git/.git/

PS D:\Ustad\Git> git push -u origin main
branch 'main' set up to track 'origin/main'.
Everything up-to-date
Total 0 (delta 0), reused 0 (delta 0), pack-reused 0 (from 0)
remote:   https://github.com/mahisalman/GIT_for_Python_27052025.git
remote:
remote: Create a pull request for 'designer' on GitHub by visiting:
remote:
To https://github.com/mahisalman/Git.git
branch 'designer' set up to track 'origin/designer'.

PS D:\Ustad\Git> git branch -d master

PS D:\Ustad\Git> git checkout main
Switched to branch 'main'

PS D:\Ustad\Git> git branch
  designer
  devoloper
* main

PS D:\Ustad\Git> git checkout -b aaa
Switched to a new branch 'aaa'

PS D:\Ustad\Git> git branch
* aaa
  designer
  devoloper
  main

PS D:\Ustad\Git> git branch -d aaa
error: cannot delete branch 'aaa' used by worktree at 'D:/Ustad/Git'

PS D:\Ustad\Git> git checkout main
Switched to branch 'main'
Your branch is up to date with 'origin/main'.

PS D:\Ustad\Git> git branch
  aaa
  designer
  devoloper
* main

PS D:\Ustad\Git> git branch -d aaa
Deleted branch aaa (was 6fb972d).

PS D:\Ustad\Git> git branch
  designer
  devoloper
* main

PS D:\Ustad\Git> git push -u origin main    
branch 'main' set up to track 'origin/main'.
Everything up-to-date

PS D:\Ustad\Git> git push -u origin developer
error: src refspec developer does not match any
error: failed to push some refs to 'https://github.com/mahisalman/Git.git'

PS D:\Ustad\Git> git push -u origin devoloper
branch 'devoloper' set up to track 'origin/devoloper'.
Everything up-to-date

PS D:\Ustad\Git> git push -u origin designer 
branch 'designer' set up to track 'origin/designer'.
Everything up-to-date



-----------------------------------------------------------------------------------------------------------------------------------------------------
git add division.py
git commit -m 'another division program is added'
git status
git branch
git push -u origin main
------------------------------------------------------------------------------
PS D:\Ustad\Git> git add division.py

PS D:\Ustad\Git> git commit -m 'another division program is added'
[main 5757bdc] another division program is added
 1 file changed, 5 insertions(+)
 create mode 100644 division.py

PS D:\Ustad\Git> git status
On branch main
Your branch is ahead of 'origin/main' by 1 commit.
  (use "git push" to publish your local commits)  

nothing to commit, working tree clean

PS D:\Ustad\Git> git branch
  designer
  devoloper
* main

PS D:\Ustad\Git> git push -u origin main     
Enumerating objects: 4, done.
Counting objects: 100% (4/4), done.
Delta compression using up to 8 threads
Compressing objects: 100% (2/2), done.
Writing objects: 100% (3/3), 349 bytes | 116.00 KiB/s, done. 
Total 3 (delta 0), reused 0 (delta 0), pack-reused 0 (from 0)
remote: This repository moved. Please use the new location:
remote:   https://github.com/mahisalman/GIT_for_Python_27052025.git
To https://github.com/mahisalman/Git.git
   6fb972d..5757bdc  main -> main
branch 'main' set up to track 'origin/main'.

-------------------------------------------------------------------------------------------------------------------------------------------------------------


Class - 6
=========

1. Co lab

What is Jupyter Notebook
Running and managing code cells
Introduction to Google Colab
Uploading and sharing notebooks
Writing clean and readable code
Using comments and proper indentation
Writing Markdown in notebooks
Formatting text, lists, and code blocks with Markdown
Creating headings and notes for better understanding

59:00
Try with the incognito mode.

01:10:30
+text
Text block -> for clear code definations
Text formating ( bold, italic, list, link,etc.)

01:25:00
save a copy in drive.
Download

